Microchip MPLAB XC8 Compiler V1.44 ()

Linker command line:

-W-3 --edf=C:\Program Files\Microchip\xc8\v1.44\dat\en_msgs.txt -cs \
  -h+dist/default/production\lcd20.X.production.sym \
  --cmf=dist/default/production\lcd20.X.production.cmf -z -Q16F887 \
  -oC:\Users\Arun\AppData\Local\Temp\s79c.2 \
  -Mdist/default/production/lcd20.X.production.map -E1 -ver=XC8 \
  -ASTACK=0110h-016fh -pstack=STACK -ACODE=00h-07FFhx4 -ASTRCODE=00h-01FFFh \
  -ASTRING=00h-0FFhx32 -ACONST=00h-0FFhx32 -AENTRY=00h-0FFhx32 \
  -ACOMMON=070h-07Fh -ABANK0=020h-06Fh -ABANK1=0A0h-0EFh \
  -ABANK2=0110h-016Fh -ABANK3=0190h-01EFh \
  -ARAM=020h-06Fh,0A0h-0EFh,0110h-016Fh,0190h-01EFh \
  -AABS1=020h-07Fh,0A0h-0EFh,0110h-016Fh,0190h-01EFh -ASFR0=00h-01Fh \
  -ASFR1=080h-09Fh -ASFR2=0100h-010Fh -ASFR3=0180h-018Fh \
  -preset_vec=00h,intentry,init,end_init -ppowerup=CODE -pcinit=CODE \
  -pfunctab=ENTRY -ACONFIG=02007h-02008h -pconfig=CONFIG -DCONFIG=2 \
  -AIDLOC=02000h-02003h -pidloc=IDLOC -DIDLOC=2 -AEEDATA=00h-0FFh/02100h \
  -peeprom_data=EEDATA -DEEDATA=2 -DCODE=2 -DSTRCODE=2 -DSTRING=2 -DCONST=2 \
  -DENTRY=2 -k C:\Users\Arun\AppData\Local\Temp\s79c.obj \
  dist/default/production\lcd20.X.production.obj 

Object code version is 3.11

Machine type is 16F887



                Name                               Link     Load   Length Selector   Space Scale
C:\Users\Arun\AppData\Local\Temp\s79c.obj
                end_init                              0        0        3        0       0
dist/default/production\lcd20.X.production.obj
                cinit                               7E1      7E1       1F      FC2       0
                text16                              308      308       29      610       0
                text15                              2A9      2A9       1F      552       0
                text14                              2C8      2C8       1F      590       0
                text13                              255      255       11      4AA       0
                text12                              3B6      3B6       31      76C       0
                text11                              266      266       13      4CC       0
                text10                              24B      24B        A      496       0
                text9                               3E7      3E7       65      7CE       0
                text8                               2E7      2E7       21      5CE       0
                text7                               279      279       14      4F2       0
                text6                               35B      35B       2D      6B6       0
                text5                               388      388       2E      710       0
                text4                               4B7      4B7      195      96E       0
                text3                               64C      64C      195      C98       0
                text2                               28D      28D       1C      51A       0
                text1                               331      331       2A      662       0
                maintext                            44C      44C       6B      898       0
                cstackBANK0                          46       46       1E       20       1
                cstackCOMMON                         70       70        E       70       1
                clrtext                             243      243        8      486       0
                bssBANK1                             A0       A0       3C       A0       1
                dataBANK0                            64       64        2       20       1
                bssBANK0                             20       20       26       20       1
                strings                               3        3       14        6       0
                idataBANK0                          241      241        2      482       0

TOTAL           Name                               Link     Load   Length     Space
        CLASS   STACK          

        CLASS   CODE           
                end_init                              0        0        3         0
                cinit                               7E1      7E1       1F         0
                text16                              308      308       29         0
                text15                              2A9      2A9       1F         0
                text14                              2C8      2C8       1F         0
                text13                              255      255       11         0
                text12                              3B6      3B6       31         0
                text11                              266      266       13         0
                text10                              24B      24B        A         0
                text9                               3E7      3E7       65         0
                text8                               2E7      2E7       21         0
                text7                               279      279       14         0
                text6                               35B      35B       2D         0
                text5                               388      388       2E         0
                text4                               4B7      4B7      195         0
                text3                               64C      64C      195         0
                text2                               28D      28D       1C         0
                text1                               331      331       2A         0
                maintext                            44C      44C       6B         0
                clrtext                             243      243        8         0
                idataBANK0                          241      241        2         0

        CLASS   STRCODE        

        CLASS   STRING         
                strings                               3        3       14         0

        CLASS   CONST          

        CLASS   ENTRY          

        CLASS   COMMON         
                cstackCOMMON                         70       70        E         1

        CLASS   BANK0          
                cstackBANK0                          46       46       1E         1
                dataBANK0                            64       64        2         1
                bssBANK0                             20       20       26         1

        CLASS   BANK1          
                bssBANK1                             A0       A0       3C         1

        CLASS   BANK2          

        CLASS   BANK3          

        CLASS   RAM            

        CLASS   ABS1           
                abs_s1                               7E       7E        2         1

        CLASS   SFR0           

        CLASS   SFR1           

        CLASS   SFR2           

        CLASS   SFR3           

        CLASS   CONFIG         

        CLASS   IDLOC          

        CLASS   EEDATA         



SEGMENTS        Name                           Load    Length   Top    Selector   Space  Class     Delta

                reset_vec                      000000  000003  000003         0       0  CODE        2
                strings                        000003  000014  000017         6       0  STRING      2
                bssBANK0                       000020  000046  000066        20       1  BANK0       1
                cstackCOMMON                   000070  00000E  00007E        70       1  COMMON      1
                bssBANK1                       0000A0  00003C  0000DC        A0       1  BANK1       1
                idataBANK0                     000241  000002  000243       482       0  CODE        2
                clrtext                        000243  000008  00024B       486       0  CODE        2
                text10                         00024B  00000A  000255       496       0  CODE        2
                text13                         000255  000011  000266       4AA       0  CODE        2
                text11                         000266  000013  000279       4CC       0  CODE        2
                text7                          000279  000014  00028D       4F2       0  CODE        2
                text2                          00028D  00001C  0002A9       51A       0  CODE        2
                text15                         0002A9  00001F  0002C8       552       0  CODE        2
                text14                         0002C8  00001F  0002E7       590       0  CODE        2
                text8                          0002E7  000021  000308       5CE       0  CODE        2
                text16                         000308  000029  000331       610       0  CODE        2
                text1                          000331  00002A  00035B       662       0  CODE        2
                text6                          00035B  00002D  000388       6B6       0  CODE        2
                text5                          000388  00002E  0003B6       710       0  CODE        2
                text12                         0003B6  000031  0003E7       76C       0  CODE        2
                text9                          0003E7  000065  00044C       7CE       0  CODE        2
                maintext                       00044C  00006B  0004B7       898       0  CODE        2
                text4                          0004B7  000195  00064C       96E       0  CODE        2
                text3                          00064C  000195  0007E1       C98       0  CODE        2
                cinit                          0007E1  00001F  000800       FC2       0  CODE        2


UNUSED ADDRESS RANGES

        Name                Unused          Largest block    Delta
        BANK0            0066-006F              A           1
        BANK1            00DC-00EF             14           1
        BANK2            0110-016F             60           1
        BANK3            0190-01EF             60           1
        CODE             0017-0240            22A           2
                         0800-1FFF            800
        CONFIG           2007-2008              2           2
        CONST            0017-0240            100           2
                         0800-1FFF            100
        EEDATA           2100-21FF            100           2
        ENTRY            0017-0240            100           2
                         0800-1FFF            100
        IDLOC            2000-2003              4           2
        RAM              0066-006F              A           1
                         00DC-00EF             14
                         0110-016F             60
                         0190-01EF             60
        SFR0             0000-001F             20           1
        SFR1             0080-009F             20           1
        SFR2             0100-010F             10           1
        SFR3             0180-018F             10           1
        STACK            0110-016F             60           1
        STRCODE          0017-0240            22A           2
                         0800-1FFF           1800
        STRING           0017-0240            100           2
                         0800-1FFF            100

                                  Symbol Table

?_Read_LCD_Command                                          cstackCOMMON 0078
?_strlen                                                    cstackCOMMON 0070
Data_Str_LCD_Disp@cur_char_in_text_str_index                cstackBANK0  004E
Data_Str_LCD_Disp@lcd_line_buffer                           cstackBANK0  004D
Data_Str_LCD_Disp@lcd_line_buffer_len                       cstackBANK0  0048
Data_Str_LCD_Disp@line                                      cstackBANK0  004A
Delay_Time_By_Count@time_delay                              cstackCOMMON 0070
LCD_Line_Select@line                                        cstackBANK0  0046
LCD_Running_Text_Display_Line1@cur_char_in_str_index        bssBANK0     0022
LCD_Running_Text_Display_Line1@cur_lcd_col                  cstackBANK0  005E
LCD_Running_Text_Display_Line1@cur_temp_index               cstackBANK0  005C
LCD_Running_Text_Display_Line1@num_gaps_between_text_str    cstackBANK0  0052
LCD_Running_Text_Display_Line1@running_text_shift_direction cstackBANK0  0054
LCD_Running_Text_Display_Line1@temp_text_str                bssBANK1     00BE
LCD_Running_Text_Display_Line1@text_str                     cstackBANK0  005B
LCD_Running_Text_Display_Line1@text_str_len                 cstackBANK0  0050
LCD_Running_Text_Display_Line2@cur_char_in_str_index        bssBANK0     0020
LCD_Running_Text_Display_Line2@cur_lcd_col                  cstackBANK0  005E
LCD_Running_Text_Display_Line2@cur_temp_index               cstackBANK0  005C
LCD_Running_Text_Display_Line2@num_gaps_between_text_str    cstackBANK0  0052
LCD_Running_Text_Display_Line2@running_text_shift_direction cstackBANK0  0054
LCD_Running_Text_Display_Line2@temp_text_str                bssBANK1     00A0
LCD_Running_Text_Display_Line2@text_str                     cstackBANK0  005B
LCD_Running_Text_Display_Line2@text_str_len                 cstackBANK0  0050
Write_LCD_Command@lcd_cmd                                   cstackCOMMON 007C
Write_LCD_Command_Cannot_Check_BF@lcd_cmd                   cstackCOMMON 0078
Write_LCD_Data@lcd_data                                     cstackCOMMON 007C
_Check_LCD_Busy                                             text12       03B6
_Data_Str_LCD_Disp                                          text6        035B
_Delay_Time_By_Count                                        text16       0308
_LCD_Init                                                   text9        03E7
_LCD_Line_Select                                            text8        02E7
_LCD_Read_Pulse                                             text15       02A9
_LCD_Running_Text_Display_Line1                             text4        04B7
_LCD_Running_Text_Display_Line2                             text3        064C
_LCD_Write_Pulse                                            text14       02C8
_PORTC                                                      (abs)        0007
_PORTD                                                      (abs)        0008
_RD0                                                        (abs)        0040
_RD1                                                        (abs)        0041
_RD2                                                        (abs)        0042
_Read_LCD_Command                                           text13       0255
_TRISC                                                      (abs)        0087
_TRISD                                                      (abs)        0088
_Write_LCD_Command                                          text11       0266
_Write_LCD_Command_Cannot_Check_BF                          text10       024B
_Write_LCD_Data                                             text7        0279
__Habs1                                                     abs1         0000
__Hbank0                                                    bank0        0000
__Hbank1                                                    bank1        0000
__Hbank2                                                    bank2        0000
__Hbank3                                                    bank3        0000
__HbssBANK0                                                 bssBANK0     0000
__HbssBANK1                                                 bssBANK1     0000
__Hcinit                                                    cinit        0800
__Hclrtext                                                  clrtext      0000
__Hcode                                                     code         0000
__Hcommon                                                   common       0000
__Hconfig                                                   config       0000
__HcstackBANK0                                              cstackBANK0  0000
__HcstackCOMMON                                             cstackCOMMON 0000
__HdataBANK0                                                dataBANK0    0000
__Heeprom_data                                              eeprom_data  0000
__Hend_init                                                 end_init     0003
__Hfunctab                                                  functab      0000
__HidataBANK0                                               idataBANK0   0000
__Hidloc                                                    idloc        0000
__Hinit                                                     init         0000
__Hintentry                                                 intentry     0000
__Hmaintext                                                 maintext     0000
__Hpowerup                                                  powerup      0000
__Hram                                                      ram          0000
__Hreset_vec                                                reset_vec    0000
__Hsfr0                                                     sfr0         0000
__Hsfr1                                                     sfr1         0000
__Hsfr2                                                     sfr2         0000
__Hsfr3                                                     sfr3         0000
__Hspace_0                                                  (abs)        0800
__Hspace_1                                                  (abs)        00DC
__Hspace_2                                                  (abs)        0000
__Hspace_3                                                  (abs)        0000
__Hstack                                                    stack        0000
__Hstrings                                                  strings      0000
__Htext                                                     text         0000
__Labs1                                                     abs1         0000
__Lbank0                                                    bank0        0000
__Lbank1                                                    bank1        0000
__Lbank2                                                    bank2        0000
__Lbank3                                                    bank3        0000
__LbssBANK0                                                 bssBANK0     0000
__LbssBANK1                                                 bssBANK1     0000
__Lcinit                                                    cinit        07E1
__Lclrtext                                                  clrtext      0000
__Lcode                                                     code         0000
__Lcommon                                                   common       0000
__Lconfig                                                   config       0000
__LcstackBANK0                                              cstackBANK0  0000
__LcstackCOMMON                                             cstackCOMMON 0000
__LdataBANK0                                                dataBANK0    0000
__Leeprom_data                                              eeprom_data  0000
__Lend_init                                                 end_init     0000
__Lfunctab                                                  functab      0000
__LidataBANK0                                               idataBANK0   0000
__Lidloc                                                    idloc        0000
__Linit                                                     init         0000
__Lintentry                                                 intentry     0000
__Lmaintext                                                 maintext     0000
__Lpowerup                                                  powerup      0000
__Lram                                                      ram          0000
__Lreset_vec                                                reset_vec    0000
__Lsfr0                                                     sfr0         0000
__Lsfr1                                                     sfr1         0000
__Lsfr2                                                     sfr2         0000
__Lsfr3                                                     sfr3         0000
__Lspace_0                                                  (abs)        0000
__Lspace_1                                                  (abs)        0000
__Lspace_2                                                  (abs)        0000
__Lspace_3                                                  (abs)        0000
__Lstack                                                    stack        0000
__Lstrings                                                  strings      0000
__Ltext                                                     text         0000
__S0                                                        (abs)        0800
__S1                                                        (abs)        00DC
__S2                                                        (abs)        0000
__S3                                                        (abs)        0000
___int_sp                                                   stack        0000
___latbits                                                  (abs)        0002
___sp                                                       stack        0000
__end_of_Check_LCD_Busy                                     text12       03E7
__end_of_Data_Str_LCD_Disp                                  text6        0388
__end_of_Delay_Time_By_Count                                text16       0331
__end_of_LCD_Init                                           text9        044C
__end_of_LCD_Line_Select                                    text8        0308
__end_of_LCD_Read_Pulse                                     text15       02C8
__end_of_LCD_Running_Text_Display_Line1                     text4        064C
__end_of_LCD_Running_Text_Display_Line2                     text3        07E1
__end_of_LCD_Write_Pulse                                    text14       02E7
__end_of_Read_LCD_Command                                   text13       0266
__end_of_Write_LCD_Command                                  text11       0279
__end_of_Write_LCD_Command_Cannot_Check_BF                  text10       0255
__end_of_Write_LCD_Data                                     text7        028D
__end_of__initialization                                    cinit        07FC
__end_of__stringtab                                         strings      0009
__end_of_main                                               maintext     04B7
__end_of_memcpy                                             text5        03B6
__end_of_memset                                             text2        02A9
__end_of_strlen                                             text1        035B
__end_ofmain@text_str_left                                  strings      0017
__end_ofmain@text_str_right                                 strings      0010
__initialization                                            cinit        07E1
__pbssBANK0                                                 bssBANK0     0020
__pbssBANK1                                                 bssBANK1     00A0
__pcstackBANK0                                              cstackBANK0  0046
__pcstackCOMMON                                             cstackCOMMON 0070
__pdataBANK0                                                dataBANK0    0064
__pidataBANK0                                               idataBANK0   0241
__pmaintext                                                 maintext     044C
__pstrings                                                  strings      0003
__ptext1                                                    text1        0331
__ptext10                                                   text10       024B
__ptext11                                                   text11       0266
__ptext12                                                   text12       03B6
__ptext13                                                   text13       0255
__ptext14                                                   text14       02C8
__ptext15                                                   text15       02A9
__ptext16                                                   text16       0308
__ptext2                                                    text2        028D
__ptext3                                                    text3        064C
__ptext4                                                    text4        04B7
__ptext5                                                    text5        0388
__ptext6                                                    text6        035B
__ptext7                                                    text7        0279
__ptext8                                                    text8        02E7
__ptext9                                                    text9        03E7
__size_of_Check_LCD_Busy                                    (abs)        0000
__size_of_Data_Str_LCD_Disp                                 (abs)        0000
__size_of_Delay_Time_By_Count                               (abs)        0000
__size_of_LCD_Init                                          (abs)        0000
__size_of_LCD_Line_Select                                   (abs)        0000
__size_of_LCD_Read_Pulse                                    (abs)        0000
__size_of_LCD_Running_Text_Display_Line1                    (abs)        0000
__size_of_LCD_Running_Text_Display_Line2                    (abs)        0000
__size_of_LCD_Write_Pulse                                   (abs)        0000
__size_of_Read_LCD_Command                                  (abs)        0000
__size_of_Write_LCD_Command                                 (abs)        0000
__size_of_Write_LCD_Command_Cannot_Check_BF                 (abs)        0000
__size_of_Write_LCD_Data                                    (abs)        0000
__size_of_main                                              (abs)        0000
__size_of_memcpy                                            (abs)        0000
__size_of_memset                                            (abs)        0000
__size_of_strlen                                            (abs)        0000
__stringbase                                                strings      0008
__stringtab                                                 strings      0003
_lcd_buffer_line1                                           bssBANK0     0036
_lcd_buffer_line2                                           bssBANK0     0026
_line1_text_disp_finish_flag                                dataBANK0    0065
_line2_text_disp_finish_flag                                dataBANK0    0064
_main                                                       maintext     044C
_memcpy                                                     text5        0388
_memset                                                     text2        028D
_read_command                                               bssBANK0     0024
_strlen                                                     text1        0331
btemp                                                       (abs)        007E
clear_ram0                                                  clrtext      0243
end_of_initialization                                       cinit        07FC
intlevel0                                                   functab      0000
intlevel1                                                   functab      0000
intlevel2                                                   functab      0000
intlevel3                                                   functab      0000
intlevel4                                                   functab      0000
intlevel5                                                   functab      0000
main@text_str_left                                          strings      0010
main@text_str_left_len                                      cstackBANK0  0060
main@text_str_right                                         strings      0009
main@text_str_right_len                                     cstackBANK0  0062
memcpy@d                                                    cstackCOMMON 0075
memcpy@d1                                                   cstackCOMMON 0077
memcpy@n                                                    cstackCOMMON 0071
memcpy@s                                                    cstackCOMMON 0076
memcpy@s1                                                   cstackCOMMON 0070
memcpy@tmp                                                  cstackCOMMON 0074
memset@c                                                    cstackCOMMON 0070
memset@n                                                    cstackCOMMON 0072
memset@p                                                    cstackCOMMON 0075
memset@p1                                                   cstackCOMMON 0076
reset_vec                                                   reset_vec    0000
stackhi                                                     (abs)        0000
stacklo                                                     (abs)        0000
start                                                       init         0000
start_initialization                                        cinit        07E1
strlen@cp                                                   cstackCOMMON 0076
strlen@s                                                    cstackCOMMON 0077
wtemp0                                                      (abs)        007E


FUNCTION INFORMATION:

 *************** function _main *****************
 Defined at:
		line 63 in file "lcd_20.c"
 Parameters:    Size  Location     Type
		None
 Auto vars:     Size  Location     Type
  text_str_rig    2   28[BANK0 ] unsigned int 
  text_str_lef    2   26[BANK0 ] unsigned int 
 Return value:  Size  Location     Type
                  1    wreg      void 
 Registers used:
		wreg, fsr0l, fsr0h, status,2, status,0, btemp+1, pclath, cstack
 Tracked objects:
		On entry : 
		On exit  : 
		Unchanged: 
 Data sizes:     COMMON   BANK0   BANK1   BANK3   BANK2
      Params:         0       0       0       0       0
      Locals:         0       4       0       0       0
      Temps:          0       0       0       0       0
      Totals:         0       4       0       0       0
Total ram usage:        4 bytes
 Hardware stack levels required when called:    8
 This function calls:
		_LCD_Init
		_LCD_Running_Text_Display_Line1
		_LCD_Running_Text_Display_Line2
		_memset
		_strlen
 This function is called by:
		Startup code after reset
 This function uses a non-reentrant model


 *************** function _strlen *****************
 Defined at:
		line 4 in file "C:\Program Files\Microchip\xc8\v1.44\sources\common\strlen.c"
 Parameters:    Size  Location     Type
  s               1    wreg     PTR const unsigned char 
		 -> main@text_str_right(7), main@text_str_left(7), 
 Auto vars:     Size  Location     Type
  s               1    7[COMMON] PTR const unsigned char 
		 -> main@text_str_right(7), main@text_str_left(7), 
  cp              1    6[COMMON] PTR const unsigned char 
		 -> main@text_str_right(7), main@text_str_left(7), 
 Return value:  Size  Location     Type
                  2    0[COMMON] unsigned int 
 Registers used:
		wreg, fsr0l, fsr0h, status,2, status,0, pclath
 Tracked objects:
		On entry : 
		On exit  : 
		Unchanged: 
 Data sizes:     COMMON   BANK0   BANK1   BANK3   BANK2
      Params:         2       0       0       0       0
      Locals:         2       0       0       0       0
      Temps:          4       0       0       0       0
      Totals:         8       0       0       0       0
Total ram usage:        8 bytes
 Hardware stack levels used:    2
 This function calls:
		Nothing
 This function is called by:
		_main
 This function uses a non-reentrant model


 *************** function _memset *****************
 Defined at:
		line 8 in file "C:\Program Files\Microchip\xc8\v1.44\sources\common\memset.c"
 Parameters:    Size  Location     Type
  p1              1    wreg     PTR void 
		 -> lcd_buffer_line2(16), lcd_buffer_line1(16), 
  c               2    0[COMMON] int 
  n               2    2[COMMON] unsigned int 
 Auto vars:     Size  Location     Type
  p1              1    6[COMMON] PTR void 
		 -> lcd_buffer_line2(16), lcd_buffer_line1(16), 
  p               1    5[COMMON] PTR unsigned char 
		 -> lcd_buffer_line2(16), lcd_buffer_line1(16), 
 Return value:  Size  Location     Type
                  1    wreg      PTR void 
 Registers used:
		wreg, fsr0l, fsr0h, status,2, status,0
 Tracked objects:
		On entry : 
		On exit  : 
		Unchanged: 
 Data sizes:     COMMON   BANK0   BANK1   BANK3   BANK2
      Params:         4       0       0       0       0
      Locals:         2       0       0       0       0
      Temps:          1       0       0       0       0
      Totals:         7       0       0       0       0
Total ram usage:        7 bytes
 Hardware stack levels used:    1
 This function calls:
		Nothing
 This function is called by:
		_main
 This function uses a non-reentrant model


 *************** function _LCD_Running_Text_Display_Line2 *****************
 Defined at:
		line 167 in file "lcd_20.c"
 Parameters:    Size  Location     Type
  text_str        1    wreg     PTR const unsigned char 
		 -> main@text_str_right(7), 
  text_str_len    2   10[BANK0 ] const unsigned int 
  num_gaps_bet    2   12[BANK0 ] const unsigned int 
  running_text    2   14[BANK0 ] const unsigned int 
 Auto vars:     Size  Location     Type
  text_str        1   21[BANK0 ] PTR const unsigned char 
		 -> main@text_str_right(7), 
  cur_lcd_col     2   24[BANK0 ] int 
  cur_temp_ind    2   22[BANK0 ] int 
 Return value:  Size  Location     Type
                  1    wreg      void 
 Registers used:
		wreg, fsr0l, fsr0h, status,2, status,0, btemp+1, pclath, cstack
 Tracked objects:
		On entry : 
		On exit  : 
		Unchanged: 
 Data sizes:     COMMON   BANK0   BANK1   BANK3   BANK2
      Params:         0       6       0       0       0
      Locals:         0       5       0       0       0
      Temps:          0       5       0       0       0
      Totals:         0      16       0       0       0
Total ram usage:       16 bytes
 Hardware stack levels used:    1
 Hardware stack levels required when called:    7
 This function calls:
		_Data_Str_LCD_Disp
		_memcpy
 This function is called by:
		_main
 This function uses a non-reentrant model


 *************** function _LCD_Running_Text_Display_Line1 *****************
 Defined at:
		line 88 in file "lcd_20.c"
 Parameters:    Size  Location     Type
  text_str        1    wreg     PTR const unsigned char 
		 -> main@text_str_left(7), 
  text_str_len    2   10[BANK0 ] const unsigned int 
  num_gaps_bet    2   12[BANK0 ] const unsigned int 
  running_text    2   14[BANK0 ] const unsigned int 
 Auto vars:     Size  Location     Type
  text_str        1   21[BANK0 ] PTR const unsigned char 
		 -> main@text_str_left(7), 
  cur_lcd_col     2   24[BANK0 ] int 
  cur_temp_ind    2   22[BANK0 ] int 
 Return value:  Size  Location     Type
                  1    wreg      void 
 Registers used:
		wreg, fsr0l, fsr0h, status,2, status,0, btemp+1, pclath, cstack
 Tracked objects:
		On entry : 
		On exit  : 
		Unchanged: 
 Data sizes:     COMMON   BANK0   BANK1   BANK3   BANK2
      Params:         0       6       0       0       0
      Locals:         0       5       0       0       0
      Temps:          0       5       0       0       0
      Totals:         0      16       0       0       0
Total ram usage:       16 bytes
 Hardware stack levels used:    1
 Hardware stack levels required when called:    7
 This function calls:
		_Data_Str_LCD_Disp
		_memcpy
 This function is called by:
		_main
 This function uses a non-reentrant model


 *************** function _memcpy *****************
 Defined at:
		line 27 in file "C:\Program Files\Microchip\xc8\v1.44\sources\common\memcpy.c"
 Parameters:    Size  Location     Type
  d1              1    wreg     PTR void 
		 -> LCD_Running_Text_Display_Line2@temp_text_str(30), LCD_Running_Text_Display_Line1@temp_text_str(30), 
  s1              1    0[COMMON] PTR const void 
		 -> main@text_str_right(7), main@text_str_left(7), 
  n               2    1[COMMON] unsigned int 
 Auto vars:     Size  Location     Type
  d1              1    7[COMMON] PTR void 
		 -> LCD_Running_Text_Display_Line2@temp_text_str(30), LCD_Running_Text_Display_Line1@temp_text_str(30), 
  s               1    6[COMMON] PTR const unsigned char 
		 -> main@text_str_right(7), main@text_str_left(7), 
  d               1    5[COMMON] PTR unsigned char 
		 -> LCD_Running_Text_Display_Line2@temp_text_str(30), LCD_Running_Text_Display_Line1@temp_text_str(30), 
  tmp             1    4[COMMON] unsigned char 
 Return value:  Size  Location     Type
                  1    wreg      PTR void 
 Registers used:
		wreg, fsr0l, fsr0h, status,2, status,0, pclath
 Tracked objects:
		On entry : 
		On exit  : 
		Unchanged: 
 Data sizes:     COMMON   BANK0   BANK1   BANK3   BANK2
      Params:         3       0       0       0       0
      Locals:         4       0       0       0       0
      Temps:          1       0       0       0       0
      Totals:         8       0       0       0       0
Total ram usage:        8 bytes
 Hardware stack levels used:    2
 This function calls:
		Nothing
 This function is called by:
		_LCD_Running_Text_Display_Line1
		_LCD_Running_Text_Display_Line2
 This function uses a non-reentrant model


 *************** function _Data_Str_LCD_Disp *****************
 Defined at:
		line 331 in file "lcd_20.c"
 Parameters:    Size  Location     Type
  lcd_line_buf    1    wreg     PTR const unsigned char 
		 -> lcd_buffer_line2(16), lcd_buffer_line1(16), 
  lcd_line_buf    2    2[BANK0 ] const unsigned int 
  line            2    4[BANK0 ] const unsigned int 
 Auto vars:     Size  Location     Type
  lcd_line_buf    1    7[BANK0 ] PTR const unsigned char 
		 -> lcd_buffer_line2(16), lcd_buffer_line1(16), 
  cur_char_in_    2    8[BANK0 ] unsigned int 
 Return value:  Size  Location     Type
                  1    wreg      void 
 Registers used:
		wreg, fsr0l, fsr0h, status,2, status,0, pclath, cstack
 Tracked objects:
		On entry : 
		On exit  : 
		Unchanged: 
 Data sizes:     COMMON   BANK0   BANK1   BANK3   BANK2
      Params:         0       4       0       0       0
      Locals:         0       3       0       0       0
      Temps:          0       1       0       0       0
      Totals:         0       8       0       0       0
Total ram usage:        8 bytes
 Hardware stack levels used:    1
 Hardware stack levels required when called:    6
 This function calls:
		_LCD_Line_Select
		_Write_LCD_Data
 This function is called by:
		_LCD_Running_Text_Display_Line1
		_LCD_Running_Text_Display_Line2
 This function uses a non-reentrant model


 *************** function _Write_LCD_Data *****************
 Defined at:
		line 294 in file "lcd_20.c"
 Parameters:    Size  Location     Type
  lcd_data        1    wreg     const unsigned char 
 Auto vars:     Size  Location     Type
  lcd_data        1   12[COMMON] const unsigned char 
 Return value:  Size  Location     Type
                  1    wreg      void 
 Registers used:
		wreg, status,2, status,0, pclath, cstack
 Tracked objects:
		On entry : 
		On exit  : 
		Unchanged: 
 Data sizes:     COMMON   BANK0   BANK1   BANK3   BANK2
      Params:         0       0       0       0       0
      Locals:         1       0       0       0       0
      Temps:          0       0       0       0       0
      Totals:         1       0       0       0       0
Total ram usage:        1 bytes
 Hardware stack levels used:    1
 Hardware stack levels required when called:    4
 This function calls:
		_Check_LCD_Busy
		_LCD_Write_Pulse
 This function is called by:
		_Data_Str_LCD_Disp
 This function uses a non-reentrant model


 *************** function _LCD_Line_Select *****************
 Defined at:
		line 316 in file "lcd_20.c"
 Parameters:    Size  Location     Type
  line            2    0[BANK0 ] const unsigned int 
 Auto vars:     Size  Location     Type
		None
 Return value:  Size  Location     Type
                  1    wreg      void 
 Registers used:
		wreg, fsr0l, fsr0h, status,2, status,0, pclath, cstack
 Tracked objects:
		On entry : 
		On exit  : 
		Unchanged: 
 Data sizes:     COMMON   BANK0   BANK1   BANK3   BANK2
      Params:         0       2       0       0       0
      Locals:         0       0       0       0       0
      Temps:          0       0       0       0       0
      Totals:         0       2       0       0       0
Total ram usage:        2 bytes
 Hardware stack levels used:    1
 Hardware stack levels required when called:    5
 This function calls:
		_Write_LCD_Command
 This function is called by:
		_Data_Str_LCD_Disp
 This function uses a non-reentrant model


 *************** function _LCD_Init *****************
 Defined at:
		line 344 in file "lcd_20.c"
 Parameters:    Size  Location     Type
		None
 Auto vars:     Size  Location     Type
		None
 Return value:  Size  Location     Type
                  1    wreg      void 
 Registers used:
		wreg, status,2, status,0, pclath, cstack
 Tracked objects:
		On entry : 
		On exit  : 
		Unchanged: 
 Data sizes:     COMMON   BANK0   BANK1   BANK3   BANK2
      Params:         0       0       0       0       0
      Locals:         0       0       0       0       0
      Temps:          0       0       0       0       0
      Totals:         0       0       0       0       0
Total ram usage:        0 bytes
 Hardware stack levels used:    1
 Hardware stack levels required when called:    5
 This function calls:
		_Delay_Time_By_Count
		_Write_LCD_Command
		_Write_LCD_Command_Cannot_Check_BF
 This function is called by:
		_main
 This function uses a non-reentrant model


 *************** function _Write_LCD_Command_Cannot_Check_BF *****************
 Defined at:
		line 260 in file "lcd_20.c"
 Parameters:    Size  Location     Type
  lcd_cmd         2    8[COMMON] const unsigned int 
 Auto vars:     Size  Location     Type
		None
 Return value:  Size  Location     Type
                  1    wreg      void 
 Registers used:
		wreg, status,2, status,0, pclath, cstack
 Tracked objects:
		On entry : 
		On exit  : 
		Unchanged: 
 Data sizes:     COMMON   BANK0   BANK1   BANK3   BANK2
      Params:         2       0       0       0       0
      Locals:         0       0       0       0       0
      Temps:          0       0       0       0       0
      Totals:         2       0       0       0       0
Total ram usage:        2 bytes
 Hardware stack levels used:    1
 Hardware stack levels required when called:    2
 This function calls:
		_LCD_Write_Pulse
 This function is called by:
		_LCD_Init
 This function uses a non-reentrant model


 *************** function _Write_LCD_Command *****************
 Defined at:
		line 284 in file "lcd_20.c"
 Parameters:    Size  Location     Type
  lcd_cmd         2   12[COMMON] const unsigned int 
 Auto vars:     Size  Location     Type
		None
 Return value:  Size  Location     Type
                  1    wreg      void 
 Registers used:
		wreg, status,2, status,0, pclath, cstack
 Tracked objects:
		On entry : 
		On exit  : 
		Unchanged: 
 Data sizes:     COMMON   BANK0   BANK1   BANK3   BANK2
      Params:         2       0       0       0       0
      Locals:         0       0       0       0       0
      Temps:          0       0       0       0       0
      Totals:         2       0       0       0       0
Total ram usage:        2 bytes
 Hardware stack levels used:    1
 Hardware stack levels required when called:    4
 This function calls:
		_Check_LCD_Busy
		_LCD_Write_Pulse
 This function is called by:
		_LCD_Line_Select
		_LCD_Init
 This function uses a non-reentrant model


 *************** function _Check_LCD_Busy *****************
 Defined at:
		line 268 in file "lcd_20.c"
 Parameters:    Size  Location     Type
		None
 Auto vars:     Size  Location     Type
		None
 Return value:  Size  Location     Type
                  1    wreg      void 
 Registers used:
		wreg, status,2, status,0, pclath, cstack
 Tracked objects:
		On entry : 
		On exit  : 
		Unchanged: 
 Data sizes:     COMMON   BANK0   BANK1   BANK3   BANK2
      Params:         0       0       0       0       0
      Locals:         0       0       0       0       0
      Temps:          0       0       0       0       0
      Totals:         0       0       0       0       0
Total ram usage:        0 bytes
 Hardware stack levels used:    1
 Hardware stack levels required when called:    3
 This function calls:
		_Delay_Time_By_Count
		_LCD_Read_Pulse
		_Read_LCD_Command
 This function is called by:
		_Write_LCD_Command
		_Write_LCD_Data
 This function uses a non-reentrant model


 *************** function _Read_LCD_Command *****************
 Defined at:
		line 309 in file "lcd_20.c"
 Parameters:    Size  Location     Type
		None
 Auto vars:     Size  Location     Type
		None
 Return value:  Size  Location     Type
                  2    8[COMMON] unsigned int 
 Registers used:
		wreg, status,2, status,0, pclath, cstack
 Tracked objects:
		On entry : 
		On exit  : 
		Unchanged: 
 Data sizes:     COMMON   BANK0   BANK1   BANK3   BANK2
      Params:         2       0       0       0       0
      Locals:         0       0       0       0       0
      Temps:          2       0       0       0       0
      Totals:         4       0       0       0       0
Total ram usage:        4 bytes
 Hardware stack levels used:    1
 Hardware stack levels required when called:    2
 This function calls:
		_LCD_Write_Pulse
 This function is called by:
		_Check_LCD_Busy
 This function uses a non-reentrant model


 *************** function _LCD_Write_Pulse *****************
 Defined at:
		line 246 in file "lcd_20.c"
 Parameters:    Size  Location     Type
		None
 Auto vars:     Size  Location     Type
		None
 Return value:  Size  Location     Type
                  1    wreg      void 
 Registers used:
		wreg, status,2, status,0, pclath, cstack
 Tracked objects:
		On entry : 
		On exit  : 
		Unchanged: 
 Data sizes:     COMMON   BANK0   BANK1   BANK3   BANK2
      Params:         0       0       0       0       0
      Locals:         0       0       0       0       0
      Temps:          0       0       0       0       0
      Totals:         0       0       0       0       0
Total ram usage:        0 bytes
 Hardware stack levels used:    1
 Hardware stack levels required when called:    1
 This function calls:
		_Delay_Time_By_Count
 This function is called by:
		_Write_LCD_Command_Cannot_Check_BF
		_Write_LCD_Command
		_Write_LCD_Data
		_Read_LCD_Command
 This function uses a non-reentrant model


 *************** function _LCD_Read_Pulse *****************
 Defined at:
		line 253 in file "lcd_20.c"
 Parameters:    Size  Location     Type
		None
 Auto vars:     Size  Location     Type
		None
 Return value:  Size  Location     Type
                  1    wreg      void 
 Registers used:
		wreg, status,2, status,0, pclath, cstack
 Tracked objects:
		On entry : 
		On exit  : 
		Unchanged: 
 Data sizes:     COMMON   BANK0   BANK1   BANK3   BANK2
      Params:         0       0       0       0       0
      Locals:         0       0       0       0       0
      Temps:          0       0       0       0       0
      Totals:         0       0       0       0       0
Total ram usage:        0 bytes
 Hardware stack levels used:    1
 Hardware stack levels required when called:    1
 This function calls:
		_Delay_Time_By_Count
 This function is called by:
		_Check_LCD_Busy
 This function uses a non-reentrant model


 *************** function _Delay_Time_By_Count *****************
 Defined at:
		line 305 in file "lcd_20.c"
 Parameters:    Size  Location     Type
  time_delay      4    0[COMMON] unsigned long 
 Auto vars:     Size  Location     Type
		None
 Return value:  Size  Location     Type
                  1    wreg      void 
 Registers used:
		wreg, status,2, status,0
 Tracked objects:
		On entry : 
		On exit  : 
		Unchanged: 
 Data sizes:     COMMON   BANK0   BANK1   BANK3   BANK2
      Params:         4       0       0       0       0
      Locals:         0       0       0       0       0
      Temps:          4       0       0       0       0
      Totals:         8       0       0       0       0
Total ram usage:        8 bytes
 Hardware stack levels used:    1
 This function calls:
		Nothing
 This function is called by:
		_LCD_Write_Pulse
		_LCD_Read_Pulse
		_Check_LCD_Busy
		_LCD_Init
 This function uses a non-reentrant model



MODULE INFORMATION

Module		Function		Class		Link	Load	Size
C:\Program Files\Microchip\xc8\v1.44\sources\common\memcpy.c
		_memcpy        		CODE           	0388	0000	47

C:\Program Files\Microchip\xc8\v1.44\sources\common\memcpy.c estimated size: 47

C:\Program Files\Microchip\xc8\v1.44\sources\common\strlen.c
		_strlen        		CODE           	0331	0000	43

C:\Program Files\Microchip\xc8\v1.44\sources\common\strlen.c estimated size: 43

shared
		__stringtab    		STRING         	0003	0000	7
		main@text_str_left		STRING         	0010	0000	8
		__initialization		CODE           	07E1	0000	28
		main@text_str_right		STRING         	0009	0000	8

shared estimated size: 51

C:\Program Files\Microchip\xc8\v1.44\sources\common\memset.c
		_memset        		CODE           	028D	0000	29

C:\Program Files\Microchip\xc8\v1.44\sources\common\memset.c estimated size: 29

lcd_20.c
		_LCD_Init      		CODE           	03E7	0000	102
		_Data_Str_LCD_Disp		CODE           	035B	0000	46
		_LCD_Read_Pulse		CODE           	02A9	0000	32
		_main          		CODE           	044C	0000	108
		_LCD_Write_Pulse		CODE           	02C8	0000	32
		_Write_LCD_Command		CODE           	0266	0000	20
		_Write_LCD_Command_Cannot_Check_BF		CODE           	024B	0000	11
		_Write_LCD_Data		CODE           	0279	0000	21
		_Check_LCD_Busy		CODE           	03B6	0000	50
		_Read_LCD_Command		CODE           	0255	0000	18
		_LCD_Line_Select		CODE           	02E7	0000	34
		_Delay_Time_By_Count		CODE           	0308	0000	42
		_LCD_Running_Text_Display_Line1		CODE           	04B7	0000	406
		_LCD_Running_Text_Display_Line2		CODE           	064C	0000	406

lcd_20.c estimated size: 1328

